// Jest Snapshot v1, https://goo.gl/fbAQLP

exports[`TabReviews renders when fetched 1`] = `
<div
  className="movie-card__reviews movie-card__row"
>
  <div
    className="movie-card__reviews-col"
  >
    <div
      className="review"
    >
      <blockquote
        className="review__quote"
      >
        <p
          className="review__text"
        >
          This movie is just plain bad. There must be some big payola going round this awards season. Badly written, average acting at best, all the characters are unrelatable and inlikeable. 2 hours of my life wasted.
        </p>
        <footer
          className="review__details"
        >
          <cite
            className="review__author"
          >
            Emely
          </cite>
          <time
            className="review__date"
            dateTime="2020-10-08T13:38:44.769Z"
          >
            October 8, 2020
          </time>
        </footer>
      </blockquote>
      <div
        className="review__rating"
      >
        7.5
      </div>
    </div>
    <div
      className="review"
    >
      <blockquote
        className="review__quote"
      >
        <p
          className="review__text"
        >
          I personally found this movie to be boring. Definitely one of the most boring movies I've ever seen.
        </p>
        <footer
          className="review__details"
        >
          <cite
            className="review__author"
          >
            Emely
          </cite>
          <time
            className="review__date"
            dateTime="2020-11-06T13:38:44.769Z"
          >
            November 6, 2020
          </time>
        </footer>
      </blockquote>
      <div
        className="review__rating"
      >
        5.8
      </div>
    </div>
    <div
      className="review"
    >
      <blockquote
        className="review__quote"
      >
        <p
          className="review__text"
        >
          I really find it difficult to believe this movie is rated highly by people. It's hands down the worst movie I've seen in my life
        </p>
        <footer
          className="review__details"
        >
          <cite
            className="review__author"
          >
            Max
          </cite>
          <time
            className="review__date"
            dateTime="2020-11-04T13:38:44.769Z"
          >
            November 4, 2020
          </time>
        </footer>
      </blockquote>
      <div
        className="review__rating"
      >
        7.9
      </div>
    </div>
  </div>
</div>
`;

exports[`TabReviews renders when fetching 1`] = `
<div
  style={
    Object {
      "alignItems": "center",
      "display": "flex",
      "justifyContent": "center",
    }
  }
>
  <img
    length="300"
    src="img/icons/preloader.svg"
    width="300"
  />
</div>
`;
