// Jest Snapshot v1, https://goo.gl/fbAQLP

exports[`Preloader renders correctly 1`] = `
<div
  style={
    Object {
      "alignItems": "center",
      "display": "flex",
      "justifyContent": "center",
    }
  }
>
  <img
    length="300"
    src="img/icons/preloader.svg"
    width="300"
  />
</div>
`;
