// Jest Snapshot v1, https://goo.gl/fbAQLP

exports[`FilmList renders correctly 1`] = `
<div
  className="catalog__movies-list"
>
  <article
    className="small-movie-card catalog__movies-card"
    onClick={[Function]}
    onMouseEnter={[Function]}
    onMouseLeave={[Function]}
  >
    <a
      className="small-movie-card__link"
      href="/films/1"
      onClick={[Function]}
    >
      <div
        className="small-movie-card__image"
      >
        <img
          alt="Bronson"
          src="https://assets.htmlacademy.ru/intensives/javascript-3/film/preview/bronson.jpg"
        />
      </div>
      <h3
        className="small-movie-card__title"
      >
        Bronson
      </h3>
    </a>
  </article>
  <article
    className="small-movie-card catalog__movies-card"
    onClick={[Function]}
    onMouseEnter={[Function]}
    onMouseLeave={[Function]}
  >
    <a
      className="small-movie-card__link"
      href="/films/2"
      onClick={[Function]}
    >
      <div
        className="small-movie-card__image"
      >
        <img
          alt="Pulp Fiction"
          src="https://assets.htmlacademy.ru/intensives/javascript-3/film/preview/pulp-fiction.jpg"
        />
      </div>
      <h3
        className="small-movie-card__title"
      >
        Pulp Fiction
      </h3>
    </a>
  </article>
  <article
    className="small-movie-card catalog__movies-card"
    onClick={[Function]}
    onMouseEnter={[Function]}
    onMouseLeave={[Function]}
  >
    <a
      className="small-movie-card__link"
      href="/films/3"
      onClick={[Function]}
    >
      <div
        className="small-movie-card__image"
      >
        <img
          alt="Midnight Special"
          src="https://assets.htmlacademy.ru/intensives/javascript-3/film/preview/midnight-special.jpg"
        />
      </div>
      <h3
        className="small-movie-card__title"
      >
        Midnight Special
      </h3>
    </a>
  </article>
  <article
    className="small-movie-card catalog__movies-card"
    onClick={[Function]}
    onMouseEnter={[Function]}
    onMouseLeave={[Function]}
  >
    <a
      className="small-movie-card__link"
      href="/films/4"
      onClick={[Function]}
    >
      <div
        className="small-movie-card__image"
      >
        <img
          alt="Matrix"
          src="https://assets.htmlacademy.ru/intensives/javascript-3/film/preview/matrix.jpg"
        />
      </div>
      <h3
        className="small-movie-card__title"
      >
        Matrix
      </h3>
    </a>
  </article>
  <article
    className="small-movie-card catalog__movies-card"
    onClick={[Function]}
    onMouseEnter={[Function]}
    onMouseLeave={[Function]}
  >
    <a
      className="small-movie-card__link"
      href="/films/5"
      onClick={[Function]}
    >
      <div
        className="small-movie-card__image"
      >
        <img
          alt="Legend"
          src="https://assets.htmlacademy.ru/intensives/javascript-3/film/preview/legend.jpg"
        />
      </div>
      <h3
        className="small-movie-card__title"
      >
        Legend
      </h3>
    </a>
  </article>
  <article
    className="small-movie-card catalog__movies-card"
    onClick={[Function]}
    onMouseEnter={[Function]}
    onMouseLeave={[Function]}
  >
    <a
      className="small-movie-card__link"
      href="/films/6"
      onClick={[Function]}
    >
      <div
        className="small-movie-card__image"
      >
        <img
          alt="Gangs of new york"
          src="https://assets.htmlacademy.ru/intensives/javascript-3/film/preview/gangs_of_new_york.jpg"
        />
      </div>
      <h3
        className="small-movie-card__title"
      >
        Gangs of new york
      </h3>
    </a>
  </article>
  <article
    className="small-movie-card catalog__movies-card"
    onClick={[Function]}
    onMouseEnter={[Function]}
    onMouseLeave={[Function]}
  >
    <a
      className="small-movie-card__link"
      href="/films/7"
      onClick={[Function]}
    >
      <div
        className="small-movie-card__image"
      >
        <img
          alt="A Star Is Born"
          src="https://assets.htmlacademy.ru/intensives/javascript-3/film/preview/A_Star_Is_Born.jpg"
        />
      </div>
      <h3
        className="small-movie-card__title"
      >
        A Star Is Born
      </h3>
    </a>
  </article>
  <article
    className="small-movie-card catalog__movies-card"
    onClick={[Function]}
    onMouseEnter={[Function]}
    onMouseLeave={[Function]}
  >
    <a
      className="small-movie-card__link"
      href="/films/8"
      onClick={[Function]}
    >
      <div
        className="small-movie-card__image"
      >
        <img
          alt="Beach"
          src="https://assets.htmlacademy.ru/intensives/javascript-3/film/preview/beach.jpg"
        />
      </div>
      <h3
        className="small-movie-card__title"
      >
        Beach
      </h3>
    </a>
  </article>
  <article
    className="small-movie-card catalog__movies-card"
    onClick={[Function]}
    onMouseEnter={[Function]}
    onMouseLeave={[Function]}
  >
    <a
      className="small-movie-card__link"
      href="/films/9"
      onClick={[Function]}
    >
      <div
        className="small-movie-card__image"
      >
        <img
          alt="Aviator"
          src="https://assets.htmlacademy.ru/intensives/javascript-3/film/preview/aviator.jpg"
        />
      </div>
      <h3
        className="small-movie-card__title"
      >
        Aviator
      </h3>
    </a>
  </article>
  <article
    className="small-movie-card catalog__movies-card"
    onClick={[Function]}
    onMouseEnter={[Function]}
    onMouseLeave={[Function]}
  >
    <a
      className="small-movie-card__link"
      href="/films/10"
      onClick={[Function]}
    >
      <div
        className="small-movie-card__image"
      >
        <img
          alt="Johnny English"
          src="https://assets.htmlacademy.ru/intensives/javascript-3/film/preview/johnny-english.jpg"
        />
      </div>
      <h3
        className="small-movie-card__title"
      >
        Johnny English
      </h3>
    </a>
  </article>
  <article
    className="small-movie-card catalog__movies-card"
    onClick={[Function]}
    onMouseEnter={[Function]}
    onMouseLeave={[Function]}
  >
    <a
      className="small-movie-card__link"
      href="/films/11"
      onClick={[Function]}
    >
      <div
        className="small-movie-card__image"
      >
        <img
          alt="Dardjeeling Limited"
          src="https://assets.htmlacademy.ru/intensives/javascript-3/film/preview/dardjeeling_limited.jpg"
        />
      </div>
      <h3
        className="small-movie-card__title"
      >
        Dardjeeling Limited
      </h3>
    </a>
  </article>
</div>
`;
